// Jest Snapshot v1, https://goo.gl/fbAQLP

exports[`my beverage  1`] = `
<div
  className="bannerWrapper"
>
  <div
    className="bannerBackground"
    style={
      Object {
        "backgroundImage": "url(undefined)",
      }
    }
  />
</div>
`;
