// Jest Snapshot v1, https://goo.gl/fbAQLP

exports[`MainFooterCompanyInfo test MainFooterCompanyInfo should match snapshot 1`] = `
<div
  className="main-part-footer"
>
  <h1>
    Ssome headline from db
  </h1>
  <p>
    text from db
  </p>
</div>
`;
