// Jest Snapshot v1, https://goo.gl/fbAQLP

exports[`MainFooterPrivacy test MainFooterPrivacy should match snapshot 1`] = `
<div
  className="main-part-footer"
>
  <h1>
    Privacy
  </h1>
  <p>
    Many text from db, Many text from db, Many text from db, Many text from db, Many text from db, Many text from db, Many text from db, Many text from db, Many text from db, Many text from db, Many text from db, Many text from db, Many text from db, Many text from db, Many text from db, Many text from db, Many text from db, Many text from db, Many text from db, Many text from db, Many text from db, Many text from db, Many text from db, Many text from db, Many text from db, Many text from db, Many text from db, Many text from db, Many text from db, Many text from db, Many text from db, Many text from db, Many text from db, Many text from db, Many text from db, Many text from db, Many text from db, Many text from db, Many text from db, Many text from db, Many text from db, Many text from db, Many text from db, Many text from db, Many text from db, Many text from db, Many text from db, Many text from db, Many text from db, Many text from db, Many text from db, Many text from db, Many text from db, Many text from db, Many text from db, Many text from db, Many text from db, Many text from db, Many text from db, Many text from db, Many text from db, Many text from db, Many text from db, Many text from db, Many text from db, Many text from db, Many text from db, Many text from db, Many text from db, Many text from db, Many text from db, Many text from db, Many text from db, Many text from db, Many text from db, Many text from db, Many text from db, Many text from db, Many text from db, Many text from db, Many text from db, Many text from db, Many text from db, Many text from db, Many text from db, Many text from db, Many text from db, Many text from db, Many text from db, Many text from db, Many text from db, Many text from db, Many text from db, Many text from db, Many text from db, Many text from db, Many text from db, Many text from db, Many text from db, Many text from db, Many text from db, Many text from db, Many text from db, Many text from db, Many text from db, Many text from db, Many text from db, Many text from db, Many text from db, Many text from db, Many text from db, Many text from db, Many text from db, Many text from db, Many text from db, Many text from db, Many text from db, Many text from db, Many text from db, Many text from db, Many text from db, Many text from db, Many text from db, Many text from db, Many text from db, Many text from db, Many text from db, Many text from db, Many text from db, Many text from db, Many text from db, Many text from db, Many text from db, Many text from db, Many text from db, Many text from db, Many text from db, Many text from db, Many text from db, Many text from db, Many text from db, Many text from db, Many text from db, Many text from db, Many text from db, Many text from db, Many text from db, Many text from db, Many text from db, Many text from db, Many text from db, Many text from db, Many text from db, Many text from db, Many text from db, Many text from db, Many text from db, Many text from db, Many text from db, Many text from db, Many text from db, Many text from db, Many text from db, Many text from db, Many text from db, Many text from db, Many text from db, Many text from db, Many text from db, Many text from db, Many text from db, Many text from db, Many text from db, Many text from db, Many text from db, Many text from db, Many text from db, Many text from db, Many text from db, Many text from db, Many text from db, Many text from db, Many text from db, Many text from db, Many text from db, Many text from db, Many text from db, Many text from db, Many text from db, Many text from db, Many text from db, Many text from db, Many text from db, Many text from db, Many text from db, Many text from db, Many text from db, Many text from db, Many text from db, Many text from db, Many text from db, Many text from db, Many text from db, Many text from db, Many text from db, Many text from db, Many text from db, Many text from db, Many text from db, Many text from db, Many text from db, Many text from db, Many text from db, Many text from db, Many text from db, Many text from db, Many text from db, Many text from db, Many text from db, Many text from db, Many text from db, Many text from db, Many text from db, Many text from db, Many text from db, Many text from db, Many text from db, Many text from db, Many text from db, Many text from db, Many text from db, Many text from db, Many text from db, Many text from db, Many text from db, Many text from db, Many text from db, Many text from db, Many text from db, Many text from db, Many text from db, Many text from db, Many text from db, Many text from db, Many text from db, Many text from db, Many text from db, Many text from db, Many text from db, Many text from db, Many text from db, Many text from db, Many text from db, Many text from db, Many text from db, Many text from db, Many text from db, Many text from db, Many text from db, 
  </p>
</div>
`;
