// Jest Snapshot v1, https://goo.gl/fbAQLP

exports[`MainFooterTerms test MainFooterTerms should match snapshot 1`] = `
<div
  className="main-part-footer"
>
  <h1>
    Terms
  </h1>
  <p>
    Many text from db, Many text from db, Many text from db, Many text from db, Many text from db, Many text from db, Many text from db, Many text from db, Many text from db, Many text from db, Many text from db, Many text from db, Many text from db, Many text from db, Many text from db, Many text from db, Many text from db, Many text from db, Many text from db, Many text from db, Many text from db, Many text from db, Many text from db, Many text from db, Many text from db, Many text from db, Many text from db, Many text from db, Many text from db, Many text from db, Many text from db, Many text from db, Many text from db, Many text from db, Many text from db, Many text from db, Many text from db, Many text from db, Many text from db, Many text from db, Many text from db, Many text from db, Many text from db, Many text from db, Many text from db, Many text from db, Many text from db, Many text from db, Many text from db, Many text from db, Many text from db, Many text from db, Many text from db, Many text from db, Many text from db, Many text from db, Many text from db, Many text from db, Many text from db, Many text from db, Many text from db, Many text from db, Many text from db, Many text from db, Many text from db, Many text from db, Many text from db, Many text from db, Many text from db, Many text from db, Many text from db, Many text from db, Many text from db, Many text from db, Many text from db, Many text from db, Many text from db, Many text from db, Many text from db, Many text from db, Many text from db, Many text from db, Many text from db, Many text from db, Many text from db, Many text from db, Many text from db, Many text from db, Many text from db, Many text from db, Many text from db, Many text from db, Many text from db, Many text from db, Many text from db, Many text from db, Many text from db, Many text from db, Many text from db, Many text from db, Many text from db, Many text from db, Many text from db, Many text from db, Many text from db, Many text from db, Many text from db, Many text from db, Many text from db, Many text from db, Many text from db, Many text from db, Many text from db, Many text from db, Many text from db, Many text from db, Many text from db, Many text from db, Many text from db, Many text from db, Many text from db, Many text from db, Many text from db, Many text from db, Many text from db, Many text from db, Many text from db, Many text from db, Many text from db, Many text from db, Many text from db, Many text from db, Many text from db, Many text from db, Many text from db, Many text from db, Many text from db, Many text from db, Many text from db, Many text from db, Many text from db, Many text from db, Many text from db, Many text from db, Many text from db, Many text from db, Many text from db, Many text from db, Many text from db, Many text from db, Many text from db, Many text from db, Many text from db, Many text from db, Many text from db, Many text from db, Many text from db, Many text from db, Many text from db, Many text from db, Many text from db, Many text from db, Many text from db, Many text from db, Many text from db, Many text from db, Many text from db, Many text from db, Many text from db, Many text from db, Many text from db, Many text from db, Many text from db, Many text from db, Many text from db, Many text from db, Many text from db, Many text from db, Many text from db, Many text from db, Many text from db, Many text from db, Many text from db, Many text from db, Many text from db, Many text from db, Many text from db, Many text from db, Many text from db, Many text from db, Many text from db, Many text from db, Many text from db, Many text from db, Many text from db, Many text from db, Many text from db, Many text from db, Many text from db, Many text from db, Many text from db, Many text from db, Many text from db, Many text from db, Many text from db, Many text from db, Many text from db, Many text from db, Many text from db, Many text from db, Many text from db, Many text from db, Many text from db, Many text from db, Many text from db, Many text from db, Many text from db, Many text from db, Many text from db, Many text from db, Many text from db, Many text from db, Many text from db, Many text from db, Many text from db, Many text from db, Many text from db, Many text from db, Many text from db, Many text from db, Many text from db, Many text from db, Many text from db, Many text from db, Many text from db, Many text from db, Many text from db, Many text from db, Many text from db, Many text from db, 
  </p>
</div>
`;
