// Jest Snapshot v1, https://goo.gl/fbAQLP

exports[`my beverage  1`] = `"Teams"`;
