// Jest Snapshot v1, https://goo.gl/fbAQLP

exports[`my beverage  1`] = `
<div
  className="mainArticleWrapper"
>
  <div
    className="mainArticleImg"
  >
    <div
      style={
        Object {
          "backgroundImage": "url(1)",
          "backgroundRepeat": "no-repeat",
          "backgroundSize": "100% 100%",
          "height": "100%",
          "width": "100%",
        }
      }
    >
      <div
        className="mainArticleCategory"
      >
        Loading...
      </div>
      <div
        className="mainArticleInfo"
      >
        <div>
          <div
            className="mainArticleInfoDate"
          >
            Published / 
            Invalid Date
          </div>
          <div
            className="mainArticleInfoHeadline"
          />
          <div
            className="mainArticleInfoCaption"
          />
        </div>
        <div
          className="mainArticleInfoShare"
        >
          Share
        </div>
      </div>
      <div
        className="mainArticleButtons"
      />
    </div>
  </div>
</div>
`;
